[0m[1mrandom_password.db_password: Creating...[0m[0m
[0m[1mrandom_password.db_password: Creation complete after 0s [id=none][0m
[0m[1maws_vpc.test: Creating...[0m[0m
[0m[1maws_kms_key.secrets: Creating...[0m[0m
[0m[1maws_iam_role.app_role: Creating...[0m[0m
[0m[1maws_iam_role.app_role: Creation complete after 2s [id=secrets-demo-dev-app-role][0m
[0m[1maws_iam_instance_profile.app_profile: Creating...[0m[0m
[0m[1maws_iam_instance_profile.app_profile: Creation complete after 7s [id=secrets-demo-dev-app-profile][0m
[0m[1maws_kms_key.secrets: Still creating... [00m10s elapsed][0m[0m
[0m[1maws_vpc.test: Still creating... [00m10s elapsed][0m[0m
[0m[1maws_kms_key.secrets: Creation complete after 10s [id=2e81955c-5508-4fbf-b484-afcabbcefc4f][0m
[0m[1maws_kms_alias.secrets: Creating...[0m[0m
[0m[1maws_secretsmanager_secret.api_key: Creating...[0m[0m
[0m[1maws_secretsmanager_secret.db_password: Creating...[0m[0m
[0m[1maws_secretsmanager_secret.ssh_key: Creating...[0m[0m
[0m[1maws_kms_alias.secrets: Creation complete after 0s [id=alias/secrets-demo-dev-secrets][0m
[0m[1maws_secretsmanager_secret.db_password: Creation complete after 1s [id=arn:aws:secretsmanager:eu-central-1:263314209222:secret:secrets-demo/dev/db/password-k4NpE9][0m
[0m[1maws_secretsmanager_secret_version.db_password: Creating...[0m[0m
[0m[1maws_secretsmanager_secret.api_key: Creation complete after 1s [id=arn:aws:secretsmanager:eu-central-1:263314209222:secret:secrets-demo/dev/api/external-key-xcIXrd][0m
[0m[1maws_secretsmanager_secret_version.api_key: Creating...[0m[0m
[0m[1maws_secretsmanager_secret.ssh_key: Creation complete after 1s [id=arn:aws:secretsmanager:eu-central-1:263314209222:secret:secrets-demo/dev/ssh/deploy-key-QLHqPY][0m
[0m[1mdata.aws_iam_policy_document.secrets_read_only: Reading...[0m[0m
[0m[1maws_secretsmanager_secret_version.ssh_key: Creating...[0m[0m
[0m[1mdata.aws_iam_policy_document.secrets_read_only: Read complete after 0s [id=4204519436][0m
[0m[1maws_iam_policy.secrets_read_only: Creating...[0m[0m
[0m[1maws_secretsmanager_secret_version.db_password: Creation complete after 0s [id=arn:aws:secretsmanager:eu-central-1:263314209222:secret:secrets-demo/dev/db/password-k4NpE9|terraform-20260903142020698100000004][0m
[0m[1maws_secretsmanager_secret_version.api_key: Creation complete after 0s [id=arn:aws:secretsmanager:eu-central-1:263314209222:secret:secrets-demo/dev/api/external-key-xcIXrd|terraform-20260903142020755400000005][0m
[0m[1maws_secretsmanager_secret_version.ssh_key: Creation complete after 0s [id=arn:aws:secretsmanager:eu-central-1:263314209222:secret:secrets-demo/dev/ssh/deploy-key-QLHqPY|terraform-20260903142020771700000006][0m
[0m[1maws_iam_policy.secrets_read_only: Creation complete after 0s [id=arn:aws:iam::263314209222:policy/secrets-demo-dev-secrets-read-only][0m
[0m[1maws_iam_role_policy_attachment.attach_secrets_policy: Creating...[0m[0m
[0m[1maws_iam_role_policy_attachment.attach_secrets_policy: Creation complete after 1s [id=secrets-demo-dev-app-role-20260903142022098200000007][0m
[0m[1maws_vpc.test: Creation complete after 13s [id=vpc-0b700dd2e928ee199][0m
[0m[1maws_internet_gateway.test: Creating...[0m[0m
[0m[1maws_subnet.public: Creating...[0m[0m
[0m[1maws_security_group.app: Creating...[0m[0m
[0m[1maws_internet_gateway.test: Creation complete after 1s [id=igw-0d173db5e955ea894][0m
[0m[1maws_route_table.public: Creating...[0m[0m
[0m[1maws_route_table.public: Creation complete after 1s [id=rtb-0868a10dd9c1a7a88][0m
[0m[1maws_security_group.app: Creation complete after 3s [id=sg-07aec5625ca068eaa][0m
[0m[1maws_subnet.public: Still creating... [00m10s elapsed][0m[0m
[0m[1maws_subnet.public: Creation complete after 12s [id=subnet-097cc4a6285f4a520][0m
[0m[1maws_route_table_association.public: Creating...[0m[0m
[0m[1maws_instance.app: Creating...[0m[0m
[0m[1maws_route_table_association.public: Creation complete after 0s [id=rtbassoc-0ca5bea8a83a0c1df][0m
[0m[1maws_instance.app: Still creating... [00m10s elapsed][0m[0m
[0m[1maws_instance.app: Creation complete after 13s [id=i-09f938a188546f0de][0m
[0m[1m[32m
Apply complete! Resources: 20 added, 0 changed, 0 destroyed.[0m
[0m[1m[32m
Outputs:

[0mapi_key_secret_arn = "arn:aws:secretsmanager:eu-central-1:263314209222:secret:secrets-demo/dev/api/external-key-xcIXrd"
db_password_secret_arn = "arn:aws:secretsmanager:eu-central-1:263314209222:secret:secrets-demo/dev/db/password-k4NpE9"
db_password_value = <sensitive>
instance_public_ip = "3.70.241.207"
instance_role_arn = "arn:aws:iam::263314209222:role/secrets-demo-dev-app-role"
ssh_key_secret_arn = "arn:aws:secretsmanager:eu-central-1:263314209222:secret:secrets-demo/dev/ssh/deploy-key-QLHqPY"
[0m[1maws_instance.app: Destroying... [id=i-09f938a188546f0de][0m[0m
[0m[1maws_instance.app: Still destroying... [id=i-09f938a188546f0de, 00m10s elapsed][0m[0m
[0m[1maws_instance.app: Still destroying... [id=i-09f938a188546f0de, 00m20s elapsed][0m[0m
[0m[1maws_instance.app: Still destroying... [id=i-09f938a188546f0de, 00m30s elapsed][0m[0m
[0m[1maws_instance.app: Still destroying... [id=i-09f938a188546f0de, 00m40s elapsed][0m[0m
[0m[1maws_instance.app: Destruction complete after 41s[0m
[0m[1maws_key_pair.operator: Creating...[0m[0m
[0m[1maws_key_pair.operator: Creation complete after 0s [id=secrets-demo-dev-operator][0m
[0m[1maws_instance.app: Creating...[0m[0m
[0m[1maws_instance.app: Still creating... [00m10s elapsed][0m[0m
[0m[1maws_instance.app: Creation complete after 13s [id=i-0c6a26a86c9d25aaa][0m
[0m[1m[32m
Apply complete! Resources: 2 added, 0 changed, 1 destroyed.[0m
[0m[1m[32m
Outputs:

[0mapi_key_secret_arn = "arn:aws:secretsmanager:eu-central-1:263314209222:secret:secrets-demo/dev/api/external-key-xcIXrd"
db_password_secret_arn = "arn:aws:secretsmanager:eu-central-1:263314209222:secret:secrets-demo/dev/db/password-k4NpE9"
db_password_value = <sensitive>
instance_public_ip = "63.177.254.13"
instance_role_arn = "arn:aws:iam::263314209222:role/secrets-demo-dev-app-role"
ssh_key_secret_arn = "arn:aws:secretsmanager:eu-central-1:263314209222:secret:secrets-demo/dev/ssh/deploy-key-QLHqPY"
[0m[1maws_instance.app: Destroying... [id=i-0c6a26a86c9d25aaa][0m[0m
[0m[1maws_instance.app: Still destroying... [id=i-0c6a26a86c9d25aaa, 00m10s elapsed][0m[0m
[0m[1maws_instance.app: Still destroying... [id=i-0c6a26a86c9d25aaa, 00m20s elapsed][0m[0m
[0m[1maws_instance.app: Still destroying... [id=i-0c6a26a86c9d25aaa, 00m30s elapsed][0m[0m
[0m[1maws_instance.app: Destruction complete after 30s[0m
[0m[1maws_instance.app: Creating...[0m[0m
[0m[1maws_instance.app: Still creating... [00m10s elapsed][0m[0m
[0m[1maws_instance.app: Creation complete after 13s [id=i-07773321e44419249][0m
[0m[1m[32m
Apply complete! Resources: 1 added, 0 changed, 1 destroyed.[0m
[0m[1m[32m
Outputs:

[0mapi_key_secret_arn = "arn:aws:secretsmanager:eu-central-1:263314209222:secret:secrets-demo/dev/api/external-key-xcIXrd"
db_password_secret_arn = "arn:aws:secretsmanager:eu-central-1:263314209222:secret:secrets-demo/dev/db/password-k4NpE9"
db_password_value = <sensitive>
instance_public_ip = "63.177.237.26"
instance_role_arn = "arn:aws:iam::263314209222:role/secrets-demo-dev-app-role"
ssh_key_secret_arn = "arn:aws:secretsmanager:eu-central-1:263314209222:secret:secrets-demo/dev/ssh/deploy-key-QLHqPY"
